// Jest Snapshot v1, https://goo.gl/fbAQLP

exports[`Main Package transformer should work with an empty package.json 1`] = `
Object {
  "devDependencies": Object {
    "@commitlint/cli": "^8.2.0",
    "@commitlint/config-conventional": "^8.2.0",
    "conventional-changelog-cli": "^2.0.27",
    "cz-conventional-changelog": "^3.0.2",
    "husky": "^3.0.9",
  },
  "engines": Object {
    "node": ">=10.15.0",
  },
  "husky": Object {
    "hooks": Object {
      "commit-msg": "commitlint -E HUSKY_GIT_PARAMS",
      "pre-commit": "npm run --silent checkStaged",
    },
  },
  "license": "SEE LICENSE IN LICENSE.md",
  "metapak": Object {
    "data": Object {
      "files": "lol.js",
    },
  },
  "scripts": Object {
    "changelog": "conventional-changelog -p angular -i CHANGELOG.md -s && git add CHANGELOG.md",
    "checkStaged": "if ! git diff-files --quiet --ignore-submodules ; then echo \\"⚠️ - Unstaged files found:\\"; echo $(git diff-files --shortstat); fi;",
    "cli": "env NODE_ENV=\${NODE_ENV:-cli}",
    "lint": "echo \\"WARNING: No linter configured\\"",
    "preversion": "npm run lint && npm run metapak -- -s",
    "version": "npm run changelog",
  },
  "version": "0.0.0",
}
`;
