// Jest Snapshot v1, https://goo.gl/fbAQLP

exports[`Architecture Package transformer for jsdocs should work with an empty package.json 1`] = `
Object {
  "devDependencies": Object {
    "jsarch": "^2.0.3",
  },
  "husky": Object {
    "hooks": Object {
      "pre-commit": "npm run architecture && (git add ARCHITECTURE.md || exit 1)",
    },
  },
  "metapak": Object {
    "data": Object {
      "files": "yolo.js",
    },
  },
  "scripts": Object {
    "architecture": "jsarch yolo.js > ARCHITECTURE.md",
  },
}
`;
